// Jest Snapshot v1, https://goo.gl/fbAQLP

exports[`renders correctly 1`] = `
<div>
  <div>
    <img
      alt="missingLogo"
      className="loginImage"
      src="logo.png"
    />
  </div>
  <h5>
     Enter Your Login Details
  </h5>
  <h6>
     If you are not registered, enter your details and click "Create New User"
  </h6>
  <form
    className=""
  >
    <div
      className="mb-3"
    >
      <label
        className="form-label"
        htmlFor="formUsername"
      >
        Username
      </label>
      <input
        className="form-control"
        id="formUsername"
        placeholder="Enter Your Username"
        type="text"
      />
    </div>
    <div
      className="mb-3"
    >
      <label
        className="form-label"
        htmlFor="formPassword"
      >
        Password
      </label>
      <input
        className="form-control"
        id="formPassword"
        placeholder="Password"
        type="password"
      />
    </div>
    <button
      className="me-3 btn btn-outline-dark"
      disabled={false}
      type="button"
    >
      Login
    </button>
    <button
      className="btn btn-outline-dark"
      disabled={false}
      type="button"
    >
      Create New User
    </button>
  </form>
</div>
`;
